══════════════════════════════════════════════════
  doc-lint.ts — 文档宪法执法
  文档: 一人公司AI-Agent需求文档_v2.4.md
  模式: --migration (迁移期)
══════════════════════════════════════════════════

  🟡 基线模式：diff 为空，所有 FAIL 降级为 WARN

📂 共 85 个章节

📋 共 0 个 PARAM 注册项


══════════════════════════════════════════════════
  迁移进度报告（--migration）
══════════════════════════════════════════════════

  未登记数值数: 155
  悬空引用数: 0
  未迁移章节: 0/85
  PARAM 填充率: 0.0% (0/155)
  退出阈值: ≥80%

  章节触碰表:
  ┌──────────┬────────────┬──────────┬──────┐
  │ 章节     │ 最后diff   │ 存量WARN │ 状态 │
  ├──────────┼────────────┼──────────┼──────┤
  │ 一        │ 2026-08-12 │ 0        │ 🟡 2周内 │
  │ 一        │ 2026-08-12 │ 0        │ 🟡 2周内 │
  │ 1.1      │ 2026-08-12 │ 0        │ 🟡 2周内 │
  │ 1.2      │ 2026-08-12 │ 0        │ 🟡 2周内 │
  │ 1.3      │ 2026-08-12 │ 0        │ 🟡 2周内 │
  │ 二        │ 2026-08-12 │ 0        │ 🟡 2周内 │
  │ 2.2      │ 2026-08-12 │ 0        │ 🟡 2周内 │
  │ 2.3      │ 2026-08-12 │ 0        │ 🟡 2周内 │
  │ 2.4      │ 2026-08-12 │ 0        │ 🟡 2周内 │
  │ 三        │ 2026-08-12 │ 0        │ 🟡 2周内 │
  │ 3.1      │ 2026-08-12 │ 0        │ 🟡 2周内 │
  │ 3.2      │ 2026-08-12 │ 0        │ 🟡 2周内 │
  │ 3.3      │ 2026-08-12 │ 0        │ 🟡 2周内 │
  │ 四        │ 2026-08-12 │ 0        │ 🟡 2周内 │
  │ 4.1      │ 2026-08-12 │ 0        │ 🟡 2周内 │
  │ 4.2      │ 2026-08-12 │ 0        │ 🟡 2周内 │
  │ 4.3      │ 2026-08-12 │ 0        │ 🟡 2周内 │
  │ 4.4      │ 2026-08-12 │ 0        │ 🟡 2周内 │
  │ 五        │ 2026-08-12 │ 0        │ 🟡 2周内 │
  │ 5.1      │ 2026-08-12 │ 0        │ 🟡 2周内 │
  │ 5.2      │ 2026-08-12 │ 0        │ 🟡 2周内 │
  │ 5.3      │ 2026-08-12 │ 0        │ 🟡 2周内 │
  │ 六        │ 2026-08-12 │ 0        │ 🟡 2周内 │
  │ 6.1      │ 2026-08-12 │ 0        │ 🟡 2周内 │
  │ 6.2      │ 2026-08-12 │ 0        │ 🟡 2周内 │
  │ 6.3      │ 2026-08-12 │ 0        │ 🟡 2周内 │
  │ 6.4      │ 2026-08-12 │ 0        │ 🟡 2周内 │
  │ 七        │ 2026-08-12 │ 0        │ 🟡 2周内 │
  │ 八        │ 2026-08-12 │ 0        │ 🟡 2周内 │
  │ 8.1      │ 2026-08-12 │ 0        │ 🟡 2周内 │
  │ 8.2      │ 2026-08-12 │ 0        │ 🟡 2周内 │
  │ 8.3      │ 2026-08-12 │ 0        │ 🟡 2周内 │
  │ 8.4      │ 2026-08-12 │ 0        │ 🟡 2周内 │
  │ 8.5      │ 2026-08-12 │ 0        │ 🟡 2周内 │
  │ 九        │ 2026-08-12 │ 0        │ 🟡 2周内 │
  │ 9.1      │ 2026-08-12 │ 0        │ 🟡 2周内 │
  │ 9.2      │ 2026-08-12 │ 0        │ 🟡 2周内 │
  │ 9.3      │ 2026-08-12 │ 0        │ 🟡 2周内 │
  │ 9.4      │ 2026-08-12 │ 0        │ 🟡 2周内 │
  │ 9.5      │ 2026-08-12 │ 0        │ 🟡 2周内 │
  │ 9.6      │ 2026-08-12 │ 0        │ 🟡 2周内 │
  │ 9.7      │ 2026-08-12 │ 0        │ 🟡 2周内 │
  │ 9.8      │ 2026-08-12 │ 0        │ 🟡 2周内 │
  │ 9.9      │ 2026-08-12 │ 0        │ 🟡 2周内 │
  │ 十        │ 2026-08-12 │ 0        │ 🟡 2周内 │
  │ 10.1     │ 2026-08-12 │ 0        │ 🟡 2周内 │
  │ 10.2     │ 2026-08-12 │ 0        │ 🟡 2周内 │
  │ 10.3     │ 2026-08-12 │ 0        │ 🟡 2周内 │
  │ 10.4     │ 2026-08-12 │ 0        │ 🟡 2周内 │
  │ 10.5     │ 2026-08-12 │ 0        │ 🟡 2周内 │
  │ 10.6     │ 2026-08-12 │ 0        │ 🟡 2周内 │
  │ 10.7     │ 2026-08-12 │ 0        │ 🟡 2周内 │
  │ 十一       │ 2026-08-12 │ 0        │ 🟡 2周内 │
  │ 11.1     │ 2026-08-12 │ 0        │ 🟡 2周内 │
  │ 11.2     │ 2026-08-12 │ 0        │ 🟡 2周内 │
  │ 11.3     │ 2026-08-12 │ 0        │ 🟡 2周内 │
  │ 11.4     │ 2026-08-12 │ 0        │ 🟡 2周内 │
  │ 11.5     │ 2026-08-12 │ 0        │ 🟡 2周内 │
  │ 十二       │ 2026-08-12 │ 0        │ 🟡 2周内 │
  │ 12.1     │ 2026-08-12 │ 0        │ 🟡 2周内 │
  │ 12.2     │ 2026-08-12 │ 0        │ 🟡 2周内 │
  │ 12.3     │ 2026-08-12 │ 0        │ 🟡 2周内 │
  │ 12.4     │ 2026-08-12 │ 0        │ 🟡 2周内 │
  │ 12.5     │ 2026-08-12 │ 0        │ 🟡 2周内 │
  │ 12.6     │ 2026-08-12 │ 0        │ 🟡 2周内 │
  │ 12.7     │ 2026-08-12 │ 0        │ 🟡 2周内 │
  │ 12.8     │ 2026-08-12 │ 0        │ 🟡 2周内 │
  │ 12.9     │ 2026-08-12 │ 0        │ 🟡 2周内 │
  │ 12.10    │ 2026-08-12 │ 0        │ 🟡 2周内 │
  │ 12.11    │ 2026-08-12 │ 0        │ 🟡 2周内 │
  │ 12.12    │ 2026-08-12 │ 0        │ 🟡 2周内 │
  │ 12.13    │ 2026-08-12 │ 0        │ 🟡 2周内 │
  │ 12.14    │ 2026-08-12 │ 0        │ 🟡 2周内 │
  │ 12.15    │ N/A        │ 0        │ 🔴 未触碰 │
  │ 十三       │ N/A        │ 0        │ 🔴 未触碰 │
  │ 13.1     │ N/A        │ 0        │ 🔴 未触碰 │
  │ 13.2     │ N/A        │ 0        │ 🔴 未触碰 │
  │ 13.3     │ N/A        │ 0        │ 🔴 未触碰 │
  │ 13.4     │ N/A        │ 0        │ 🔴 未触碰 │
  │ 十四       │ N/A        │ 0        │ 🔴 未触碰 │
  │ 14.1     │ N/A        │ 0        │ 🔴 未触碰 │
  │ 14.2     │ N/A        │ 0        │ 🔴 未触碰 │
  │ 14.3     │ N/A        │ 0        │ 🔴 未触碰 │
  │ 14.4     │ N/A        │ 0        │ 🔴 未触碰 │
  │ 十五       │ N/A        │ 0        │ 🔴 未触碰 │
  └──────────┴────────────┴──────────┴──────┘


══════════════════════════════════════════════════
  检查汇总
══════════════════════════════════════════════════

  ⚠️  WARN  C1: [baseline] 206 处违规数值
         └─ [baseline] 带单位数值 "230ms" 在 一 第 16 行
         └─ [baseline] 裸小数 "0.0036" 在 一 第 16 行
         └─ [baseline] 裸小数 "0.036" 在 一 第 16 行
         └─ [baseline] 百分比 "100%" 在 一 第 16 行
         └─ [baseline] 裸小数 "0.2" 在 一 第 24 行
         └─ [baseline] 裸小数 "0.5" 在 一 第 25 行
         └─ [baseline] 带单位数值 "3s" 在 一 第 27 行
         └─ [baseline] 带单位数值 "3s" 在 一 第 34 行
         └─ [baseline] 裸小数 "0.9" 在 一 第 35 行
         └─ [baseline] 裸小数 "0.8" 在 一 第 35 行
         └─ [baseline] 裸小数 "0.7" 在 一 第 35 行
         └─ [baseline] 裸小数 "0.6" 在 一 第 35 行
         └─ [baseline] 裸小数 "0.5" 在 一 第 44 行
         └─ [baseline] 裸小数 "0.3" 在 一 第 44 行
         └─ [baseline] 裸小数 "0.2" 在 一 第 44 行
         └─ [baseline] 百分比 "30%" 在 2.2 第 189 行
         └─ [baseline] 百分比 "80%" 在 8.2 第 555 行
         └─ [baseline] 带单位数值 "200MB" 在 8.4 第 651 行
         └─ [baseline] 带单位数值 "3s" 在 9.8 第 864 行
         └─ [baseline] 带单位数值 "30s" 在 9.8 第 864 行
         └─ [baseline] ...还有 186 处
         └─ 21 处代码围栏内数值（WARN）
  ⚠️  WARN  C2: [baseline] 8 处废弃格式违规
         └─ [baseline] 裸"废弃"字样在 一 第 43 行
         └─ [baseline] 裸"废弃"字样在 8.5 第 709 行
         └─ [baseline] 裸"废弃"字样在 9.9 第 906 行
         └─ [baseline] 裸"废弃"字样在 9.9 第 936 行
         └─ [baseline] 裸"废弃"字样在 9.9 第 969 行
         └─ [baseline] 裸"废弃"字样在 12.8 第 1905 行
         └─ [baseline] 裸"废弃"字样在 12.10 第 2056 行
         └─ [baseline] 裸"废弃"字样在 12.10 第 2071 行
  ✅ PASS  C3: 行数预算通过（正文 1793/2160，附录 0/600）
  ⚠️  WARN  C4: [baseline] 1 处引用/约束违规
         └─ [baseline] 接口契约悬空（0 次）
  ⚠️  WARN  C5: 迁移期跳过 bench 联动检查
  ⚠️  WARN  C6: 迁移期跳过共变检查
  ✅ PASS  C7: provisional 超期检查通过

  总计: 0 FAIL, 36 WARN
  结果: ✅ 通过

